main.c:109:5:main	16	static
main.c:171:6:SystemClock_Config	88	static
main.c:216:13:MX_USART2_UART_Init	8	static
main.c:247:13:MX_DMA_Init	16	static
main.c:268:13:MX_GPIO_Init	48	static
main.c:297:6:UARTInit	16	static
main.c:307:6:UARTResetStart	16	static
main.c:311:10:UARTGetRxHead	16	static
main.c:318:9:UARTReadChar	32	static
main.c:331:6:UARTTxDumpBuffer	24	static
main.c:357:6:UARTTxWrite	32	static
main.c:382:6:DynamixelProtocal2	96	static
main.c:560:16:update_crc	536	static
main.c:612:6:Error_Handler	4	static,ignoring_inline_asm
